

================================================================
== Vivado HLS Report for 'fir'
================================================================
* Date:           Sun Sep 27 19:37:32 2015

* Version:        2015.1 (Build 1215546 on Mon Apr 27 19:24:50 PM 2015)
* Project:        fir_prj
* Solution:       solution3
* Product family: kintex7
* Target device:  xc7k160tfbg484-2


================================================================
== Performance Estimates
================================================================
+ Timing (ns): 
    * Summary: 
    +---------+-------+----------+------------+
    |  Clock  | Target| Estimated| Uncertainty|
    +---------+-------+----------+------------+
    |default  |  10.00|      8.43|        1.25|
    +---------+-------+----------+------------+

+ Latency (clock cycles): 
    * Summary: 
    +-----+-----+-----+-----+---------+
    |  Latency  |  Interval | Pipeline|
    | min | max | min | max |   Type  |
    +-----+-----+-----+-----+---------+
    |   15|   15|   16|   16|   none  |
    +-----+-----+-----+-----+---------+

    + Detail: 
        * Instance: 
        N/A

        * Loop: 
        N/A



================================================================
== Utilization Estimates
================================================================
* Summary: 
+-----------------+---------+-------+--------+--------+
|       Name      | BRAM_18K| DSP48E|   FF   |   LUT  |
+-----------------+---------+-------+--------+--------+
|Expression       |        -|      -|       0|     192|
|FIFO             |        -|      -|       -|       -|
|Instance         |        -|     44|       0|       0|
|Memory           |        -|      -|       -|       -|
|Multiplexer      |        -|      -|       -|      61|
|Register         |        -|      -|     977|       -|
+-----------------+---------+-------+--------+--------+
|Total            |        0|     44|     977|     253|
+-----------------+---------+-------+--------+--------+
|Available        |      650|    600|  202800|  101400|
+-----------------+---------+-------+--------+--------+
|Utilization (%)  |        0|      7|   ~0   |   ~0   |
+-----------------+---------+-------+--------+--------+

+ Detail: 
    * Instance: 
    +--------------------------+----------------------+---------+-------+---+----+
    |         Instance         |        Module        | BRAM_18K| DSP48E| FF| LUT|
    +--------------------------+----------------------+---------+-------+---+----+
    |fir_mul_32s_32s_32_3_U1   |fir_mul_32s_32s_32_3  |        0|      4|  0|   0|
    |fir_mul_32s_32s_32_3_U2   |fir_mul_32s_32s_32_3  |        0|      4|  0|   0|
    |fir_mul_32s_32s_32_3_U3   |fir_mul_32s_32s_32_3  |        0|      4|  0|   0|
    |fir_mul_32s_32s_32_3_U4   |fir_mul_32s_32s_32_3  |        0|      4|  0|   0|
    |fir_mul_32s_32s_32_3_U5   |fir_mul_32s_32s_32_3  |        0|      4|  0|   0|
    |fir_mul_32s_32s_32_3_U6   |fir_mul_32s_32s_32_3  |        0|      4|  0|   0|
    |fir_mul_32s_32s_32_3_U7   |fir_mul_32s_32s_32_3  |        0|      4|  0|   0|
    |fir_mul_32s_32s_32_3_U8   |fir_mul_32s_32s_32_3  |        0|      4|  0|   0|
    |fir_mul_32s_32s_32_3_U9   |fir_mul_32s_32s_32_3  |        0|      4|  0|   0|
    |fir_mul_32s_32s_32_3_U10  |fir_mul_32s_32s_32_3  |        0|      4|  0|   0|
    |fir_mul_32s_32s_32_3_U11  |fir_mul_32s_32s_32_3  |        0|      4|  0|   0|
    +--------------------------+----------------------+---------+-------+---+----+
    |Total                     |                      |        0|     44|  0|   0|
    +--------------------------+----------------------+---------+-------+---+----+

    * Memory: 
    N/A

    * FIFO: 
    N/A

    * Expression: 
    +----------------+----------+-------+---+----+------------+------------+
    |  Variable Name | Operation| DSP48E| FF| LUT| Bitwidth P0| Bitwidth P1|
    +----------------+----------+-------+---+----+------------+------------+
    |tmp1_fu_279_p2  |     +    |      0|  0|  32|          32|          32|
    |tmp2_fu_334_p2  |     +    |      0|  0|  16|          32|          32|
    |tmp3_fu_330_p2  |     +    |      0|  0|  16|          32|          32|
    |tmp4_fu_404_p2  |     +    |      0|  0|  16|          32|          32|
    |tmp5_fu_391_p2  |     +    |      0|  0|  16|          32|          32|
    |tmp6_fu_383_p2  |     +    |      0|  0|  32|          32|          32|
    |tmp7_fu_399_p2  |     +    |      0|  0|  16|          32|          32|
    |tmp8_fu_395_p2  |     +    |      0|  0|  16|          32|          32|
    |tmp_fu_387_p2   |     +    |      0|  0|  16|          32|          32|
    |y               |     +    |      0|  0|  16|          32|          32|
    +----------------+----------+-------+---+----+------------+------------+
    |Total           |          |      0|  0| 192|         320|         320|
    +----------------+----------+-------+---+----+------------+------------+

    * Multiplexer: 
    +-----------------+----+-----------+-----+-----------+
    |       Name      | LUT| Input Size| Bits| Total Bits|
    +-----------------+----+-----------+-----+-----------+
    |ap_NS_fsm        |  15|         17|    1|         17|
    |c_address0       |  12|         12|    4|         48|
    |x_ap_vld_in_sig  |   1|          2|    1|          2|
    |x_ap_vld_preg    |   1|          2|    1|          2|
    |x_in_sig         |  32|          2|   32|         64|
    +-----------------+----+-----------+-----+-----------+
    |Total            |  61|         35|   39|        133|
    +-----------------+----+-----------+-----+-----------+

    * Register: 
    +------------------+----+----+-----+-----------+
    |       Name       | FF | LUT| Bits| Const Bits|
    +------------------+----+----+-----+-----------+
    |ap_CS_fsm         |  16|   0|   16|          0|
    |c_load_6_reg_492  |  32|   0|   32|          0|
    |reg_189           |  32|   0|   32|          0|
    |reg_193           |  32|   0|   32|          0|
    |reg_197           |  32|   0|   32|          0|
    |reg_201           |  32|   0|   32|          0|
    |shift_reg_0       |  32|   0|   32|          0|
    |shift_reg_1       |  32|   0|   32|          0|
    |shift_reg_2       |  32|   0|   32|          0|
    |shift_reg_3       |  32|   0|   32|          0|
    |shift_reg_4       |  32|   0|   32|          0|
    |shift_reg_5       |  32|   0|   32|          0|
    |shift_reg_6       |  32|   0|   32|          0|
    |shift_reg_7       |  32|   0|   32|          0|
    |shift_reg_8       |  32|   0|   32|          0|
    |shift_reg_9       |  32|   0|   32|          0|
    |tmp1_reg_487      |  32|   0|   32|          0|
    |tmp2_reg_542      |  32|   0|   32|          0|
    |tmp6_reg_582      |  32|   0|   32|          0|
    |tmp_6_1_reg_457   |  32|   0|   32|          0|
    |tmp_6_2_reg_502   |  32|   0|   32|          0|
    |tmp_6_3_reg_507   |  32|   0|   32|          0|
    |tmp_6_4_reg_512   |  32|   0|   32|          0|
    |tmp_6_5_reg_552   |  32|   0|   32|          0|
    |tmp_6_6_reg_557   |  32|   0|   32|          0|
    |tmp_6_7_reg_562   |  32|   0|   32|          0|
    |tmp_6_8_reg_587   |  32|   0|   32|          0|
    |tmp_6_9_reg_592   |  32|   0|   32|          0|
    |tmp_6_reg_452     |  32|   0|   32|          0|
    |tmp_6_s_reg_597   |  32|   0|   32|          0|
    |x_ap_vld_preg     |   1|   0|    1|          0|
    |x_preg            |  32|   0|   32|          0|
    +------------------+----+----+-----+-----------+
    |Total             | 977|   0|  977|          0|
    +------------------+----+----+-----+-----------+



================================================================
== Interface
================================================================
* Summary: 
+------------+-----+-----+------------+--------------+--------------+
|  RTL Ports | Dir | Bits|  Protocol  | Source Object|    C Type    |
+------------+-----+-----+------------+--------------+--------------+
|ap_clk      |  in |    1| ap_ctrl_hs |      fir     | return value |
|ap_rst      |  in |    1| ap_ctrl_hs |      fir     | return value |
|ap_start    |  in |    1| ap_ctrl_hs |      fir     | return value |
|ap_done     | out |    1| ap_ctrl_hs |      fir     | return value |
|ap_idle     | out |    1| ap_ctrl_hs |      fir     | return value |
|ap_ready    | out |    1| ap_ctrl_hs |      fir     | return value |
|y           | out |   32|   ap_vld   |       y      |    pointer   |
|y_ap_vld    | out |    1|   ap_vld   |       y      |    pointer   |
|c_address0  | out |    4|  ap_memory |       c      |     array    |
|c_ce0       | out |    1|  ap_memory |       c      |     array    |
|c_q0        |  in |   32|  ap_memory |       c      |     array    |
|x           |  in |   32|   ap_vld   |       x      |    scalar    |
|x_ap_vld    |  in |    1|   ap_vld   |       x      |    scalar    |
+------------+-----+-----+------------+--------------+--------------+

