

================================================================
== Vivado HLS Report for 'array_io'
================================================================
* Date:           Sun Sep 27 22:39:58 2015

* Version:        2015.1 (Build 1215546 on Mon Apr 27 19:24:50 PM 2015)
* Project:        array_io_prj
* Solution:       solution2
* Product family: kintex7
* Target device:  xc7k160tfbg484-1


================================================================
== Performance Estimates
================================================================
+ Timing (ns): 
    * Summary: 
    +---------+-------+----------+------------+
    |  Clock  | Target| Estimated| Uncertainty|
    +---------+-------+----------+------------+
    |default  |   4.00|      2.70|        0.50|
    +---------+-------+----------+------------+

+ Latency (clock cycles): 
    * Summary: 
    +-----+-----+-----+-----+---------+
    |  Latency  |  Interval | Pipeline|
    | min | max | min | max |   Type  |
    +-----+-----+-----+-----+---------+
    |   33|   33|   34|   34|   none  |
    +-----+-----+-----+-----+---------+

    + Detail: 
        * Instance: 
        N/A

        * Loop: 
        N/A



================================================================
== Utilization Estimates
================================================================
* Summary: 
+-----------------+---------+-------+--------+--------+
|       Name      | BRAM_18K| DSP48E|   FF   |   LUT  |
+-----------------+---------+-------+--------+--------+
|Expression       |        -|      -|       0|    1024|
|FIFO             |        -|      -|       -|       -|
|Instance         |        -|      -|       -|       -|
|Memory           |        -|      -|       -|       -|
|Multiplexer      |        -|      -|       -|     297|
|Register         |        -|      -|    1266|       -|
+-----------------+---------+-------+--------+--------+
|Total            |        0|      0|    1266|    1321|
+-----------------+---------+-------+--------+--------+
|Available        |      650|    600|  202800|  101400|
+-----------------+---------+-------+--------+--------+
|Utilization (%)  |        0|      0|   ~0   |       1|
+-----------------+---------+-------+--------+--------+

+ Detail: 
    * Instance: 
    N/A

    * Memory: 
    N/A

    * FIFO: 
    N/A

    * Expression: 
    +------------------------------+----------+-------+---+----+------------+------------+
    |         Variable Name        | Operation| DSP48E| FF| LUT| Bitwidth P0| Bitwidth P1|
    +------------------------------+----------+-------+---+----+------------+------------+
    |acc_0_loc_assign_1_fu_583_p2  |     +    |      0|  0|  32|          32|          32|
    |acc_0_loc_assign_2_fu_435_p2  |     +    |      0|  0|  32|          32|          32|
    |acc_0_loc_fu_695_p2           |     +    |      0|  0|  32|          32|          32|
    |acc_1_loc_assign_1_fu_597_p2  |     +    |      0|  0|  32|          32|          32|
    |acc_1_loc_assign_2_fu_454_p2  |     +    |      0|  0|  32|          32|          32|
    |acc_1_loc_fu_709_p2           |     +    |      0|  0|  32|          32|          32|
    |acc_2_loc_assign_1_fu_611_p2  |     +    |      0|  0|  32|          32|          32|
    |acc_2_loc_assign_2_fu_473_p2  |     +    |      0|  0|  32|          32|          32|
    |acc_2_loc_fu_723_p2           |     +    |      0|  0|  32|          32|          32|
    |acc_3_loc_assign_1_fu_625_p2  |     +    |      0|  0|  32|          32|          32|
    |acc_3_loc_assign_2_fu_492_p2  |     +    |      0|  0|  32|          32|          32|
    |acc_3_loc_fu_737_p2           |     +    |      0|  0|  32|          32|          32|
    |acc_4_loc_assign_1_fu_639_p2  |     +    |      0|  0|  32|          32|          32|
    |acc_4_loc_assign_2_fu_511_p2  |     +    |      0|  0|  32|          32|          32|
    |acc_4_loc_fu_751_p2           |     +    |      0|  0|  32|          32|          32|
    |acc_5_loc_assign_1_fu_653_p2  |     +    |      0|  0|  32|          32|          32|
    |acc_5_loc_assign_2_fu_530_p2  |     +    |      0|  0|  32|          32|          32|
    |acc_5_loc_fu_784_p2           |     +    |      0|  0|  32|          32|          32|
    |acc_6_loc_assign_1_fu_667_p2  |     +    |      0|  0|  32|          32|          32|
    |acc_6_loc_assign_2_fu_549_p2  |     +    |      0|  0|  32|          32|          32|
    |acc_6_loc_fu_835_p2           |     +    |      0|  0|  32|          32|          32|
    |acc_7_loc_assign_1_fu_681_p2  |     +    |      0|  0|  32|          32|          32|
    |acc_7_loc_assign_2_fu_568_p2  |     +    |      0|  0|  32|          32|          32|
    |acc_7_loc_fu_887_p2           |     +    |      0|  0|  32|          32|          32|
    |temp_1_fu_798_p2              |     +    |      0|  0|  32|          32|          32|
    |temp_2_fu_817_p2              |     +    |      0|  0|  32|          32|          32|
    |temp_3_fu_849_p2              |     +    |      0|  0|  32|          32|          32|
    |temp_4_fu_868_p2              |     +    |      0|  0|  32|          32|          32|
    |temp_5_fu_901_p2              |     +    |      0|  0|  32|          32|          32|
    |temp_6_fu_920_p2              |     +    |      0|  0|  32|          32|          32|
    |temp_7_fu_939_p2              |     +    |      0|  0|  32|          32|          32|
    |temp_s_fu_765_p2              |     +    |      0|  0|  32|          32|          32|
    +------------------------------+----------+-------+---+----+------------+------------+
    |Total                         |          |      0|  0|1024|        1024|        1024|
    +------------------------------+----------+-------+---+----+------------+------------+

    * Multiplexer: 
    +--------------+-----+-----------+-----+-----------+
    |     Name     | LUT | Input Size| Bits| Total Bits|
    +--------------+-----+-----------+-----+-----------+
    |ap_NS_fsm     |   60|         35|    1|         35|
    |d_i_address0  |   35|         26|    5|        130|
    |d_i_address1  |   10|          8|    5|         40|
    |d_o_din       |  160|         33|   16|        528|
    |reg_413       |   16|          2|   16|         32|
    |reg_418       |   16|          2|   16|         32|
    +--------------+-----+-----------+-----+-----------+
    |Total         |  297|        106|   59|        797|
    +--------------+-----+-----------+-----+-----------+

    * Register: 
    +-----------------------------+----+----+-----+-----------+
    |             Name            | FF | LUT| Bits| Const Bits|
    +-----------------------------+----+----+-----+-----------+
    |acc_0                        |  32|   0|   32|          0|
    |acc_0_loc_assign_1_reg_1044  |  32|   0|   32|          0|
    |acc_0_loc_assign_2_reg_964   |  32|   0|   32|          0|
    |acc_0_loc_reg_1129           |  32|   0|   32|          0|
    |acc_1                        |  32|   0|   32|          0|
    |acc_1_loc_assign_1_reg_1054  |  32|   0|   32|          0|
    |acc_1_loc_assign_2_reg_974   |  32|   0|   32|          0|
    |acc_1_loc_reg_1144           |  32|   0|   32|          0|
    |acc_2                        |  32|   0|   32|          0|
    |acc_2_loc_assign_1_reg_1064  |  32|   0|   32|          0|
    |acc_2_loc_assign_2_reg_984   |  32|   0|   32|          0|
    |acc_2_loc_reg_1159           |  32|   0|   32|          0|
    |acc_3                        |  32|   0|   32|          0|
    |acc_3_loc_assign_1_reg_1074  |  32|   0|   32|          0|
    |acc_3_loc_assign_2_reg_994   |  32|   0|   32|          0|
    |acc_3_loc_reg_1179           |  32|   0|   32|          0|
    |acc_4                        |  32|   0|   32|          0|
    |acc_4_loc_assign_1_reg_1084  |  32|   0|   32|          0|
    |acc_4_loc_assign_2_reg_1004  |  32|   0|   32|          0|
    |acc_4_loc_reg_1194           |  32|   0|   32|          0|
    |acc_5                        |  32|   0|   32|          0|
    |acc_5_loc_assign_1_reg_1094  |  32|   0|   32|          0|
    |acc_5_loc_assign_2_reg_1014  |  32|   0|   32|          0|
    |acc_5_loc_reg_1214           |  32|   0|   32|          0|
    |acc_6                        |  32|   0|   32|          0|
    |acc_6_loc_assign_1_reg_1104  |  32|   0|   32|          0|
    |acc_6_loc_assign_2_reg_1024  |  32|   0|   32|          0|
    |acc_6_loc_reg_1239           |  32|   0|   32|          0|
    |acc_7                        |  32|   0|   32|          0|
    |acc_7_loc_assign_1_reg_1114  |  32|   0|   32|          0|
    |acc_7_loc_assign_2_reg_1034  |  32|   0|   32|          0|
    |acc_7_loc_reg_1259           |  32|   0|   32|          0|
    |ap_CS_fsm                    |  34|   0|   34|          0|
    |d_i_load_22_reg_1164         |  16|   0|   16|          0|
    |reg_409                      |  16|   0|   16|          0|
    |reg_413                      |  16|   0|   16|          0|
    |reg_418                      |  16|   0|   16|          0|
    |reg_423                      |  16|   0|   16|          0|
    |tmp_25_reg_1199              |  16|   0|   16|          0|
    |tmp_26_reg_1219              |  16|   0|   16|          0|
    |tmp_27_reg_1224              |  16|   0|   16|          0|
    |tmp_28_reg_1244              |  16|   0|   16|          0|
    |tmp_29_reg_1249              |  16|   0|   16|          0|
    |tmp_30_reg_1264              |  16|   0|   16|          0|
    |tmp_31_reg_1269              |  16|   0|   16|          0|
    |tmp_32_reg_1274              |  16|   0|   16|          0|
    +-----------------------------+----+----+-----+-----------+
    |Total                        |1266|   0| 1266|          0|
    +-----------------------------+----+----+-----+-----------+



================================================================
== Interface
================================================================
* Summary: 
+--------------+-----+-----+------------+--------------+--------------+
|   RTL Ports  | Dir | Bits|  Protocol  | Source Object|    C Type    |
+--------------+-----+-----+------------+--------------+--------------+
|ap_clk        |  in |    1| ap_ctrl_hs |   array_io   | return value |
|ap_rst        |  in |    1| ap_ctrl_hs |   array_io   | return value |
|ap_start      |  in |    1| ap_ctrl_hs |   array_io   | return value |
|ap_done       | out |    1| ap_ctrl_hs |   array_io   | return value |
|ap_idle       | out |    1| ap_ctrl_hs |   array_io   | return value |
|ap_ready      | out |    1| ap_ctrl_hs |   array_io   | return value |
|d_o_din       | out |   16|   ap_fifo  |      d_o     |    pointer   |
|d_o_full_n    |  in |    1|   ap_fifo  |      d_o     |    pointer   |
|d_o_write     | out |    1|   ap_fifo  |      d_o     |    pointer   |
|d_i_address0  | out |    5|  ap_memory |      d_i     |     array    |
|d_i_ce0       | out |    1|  ap_memory |      d_i     |     array    |
|d_i_q0        |  in |   16|  ap_memory |      d_i     |     array    |
|d_i_address1  | out |    5|  ap_memory |      d_i     |     array    |
|d_i_ce1       | out |    1|  ap_memory |      d_i     |     array    |
|d_i_q1        |  in |   16|  ap_memory |      d_i     |     array    |
+--------------+-----+-----+------------+--------------+--------------+

