

================================================================
== Vivado HLS Report for 'fir'
================================================================
* Date:           Sun Sep 27 19:18:29 2015

* Version:        2015.1 (Build 1215546 on Mon Apr 27 19:24:50 PM 2015)
* Project:        fir_prj
* Solution:       solution2
* Product family: kintex7
* Target device:  xc7k160tfbg484-2


================================================================
== Performance Estimates
================================================================
+ Timing (ns): 
    * Summary: 
    +---------+-------+----------+------------+
    |  Clock  | Target| Estimated| Uncertainty|
    +---------+-------+----------+------------+
    |default  |  10.00|      8.43|        1.25|
    +---------+-------+----------+------------+

+ Latency (clock cycles): 
    * Summary: 
    +-----+-----+-----+-----+---------+
    |  Latency  |  Interval | Pipeline|
    | min | max | min | max |   Type  |
    +-----+-----+-----+-----+---------+
    |   78|   78|   79|   79|   none  |
    +-----+-----+-----+-----+---------+

    + Detail: 
        * Instance: 
        N/A

        * Loop: 
        +--------------------+-----+-----+----------+-----------+-----------+------+----------+
        |                    |  Latency  | Iteration|  Initiation Interval  | Trip |          |
        |      Loop Name     | min | max |  Latency |  achieved |   target  | Count| Pipelined|
        +--------------------+-----+-----+----------+-----------+-----------+------+----------+
        |- Shift_Accum_Loop  |   77|   77|         7|          -|          -|    11|    no    |
        +--------------------+-----+-----+----------+-----------+-----------+------+----------+



================================================================
== Utilization Estimates
================================================================
* Summary: 
+-----------------+---------+-------+--------+--------+
|       Name      | BRAM_18K| DSP48E|   FF   |   LUT  |
+-----------------+---------+-------+--------+--------+
|Expression       |        -|      -|       0|      44|
|FIFO             |        -|      -|       -|       -|
|Instance         |        -|      4|       0|       0|
|Memory           |        0|      -|      64|       6|
|Multiplexer      |        -|      -|       -|     143|
|Register         |        -|      -|     212|       -|
+-----------------+---------+-------+--------+--------+
|Total            |        0|      4|     276|     193|
+-----------------+---------+-------+--------+--------+
|Available        |      650|    600|  202800|  101400|
+-----------------+---------+-------+--------+--------+
|Utilization (%)  |        0|   ~0  |   ~0   |   ~0   |
+-----------------+---------+-------+--------+--------+

+ Detail: 
    * Instance: 
    +-------------------------+----------------------+---------+-------+---+----+
    |         Instance        |        Module        | BRAM_18K| DSP48E| FF| LUT|
    +-------------------------+----------------------+---------+-------+---+----+
    |fir_mul_32s_32s_32_3_U1  |fir_mul_32s_32s_32_3  |        0|      4|  0|   0|
    +-------------------------+----------------------+---------+-------+---+----+
    |Total                    |                      |        0|      4|  0|   0|
    +-------------------------+----------------------+---------+-------+---+----+

    * Memory: 
    +-------------+---------------+---------+----+----+------+-----+------+-------------+
    |    Memory   |     Module    | BRAM_18K| FF | LUT| Words| Bits| Banks| W*Bits*Banks|
    +-------------+---------------+---------+----+----+------+-----+------+-------------+
    |shift_reg_U  |fir_shift_reg  |        0|  64|   6|    11|   32|     1|          352|
    +-------------+---------------+---------+----+----+------+-----+------+-------------+
    |Total        |               |        0|  64|   6|    11|   32|     1|          352|
    +-------------+---------------+---------+----+----+------+-----+------+-------------+

    * FIFO: 
    N/A

    * Expression: 
    +-----------------+----------+-------+---+----+------------+------------+
    |  Variable Name  | Operation| DSP48E| FF| LUT| Bitwidth P0| Bitwidth P1|
    +-----------------+----------+-------+---+----+------------+------------+
    |acc_1_fu_191_p2  |     +    |      0|  0|  32|          32|          32|
    |i_1_fu_180_p2    |     +    |      0|  0|   5|           5|           2|
    |tmp_2_fu_161_p2  |     +    |      0|  0|   4|           2|           4|
    |tmp_1_fu_151_p2  |   icmp   |      0|  0|   2|           5|           1|
    |ap_sig_bdd_64    |    or    |      0|  0|   1|           1|           1|
    +-----------------+----------+-------+---+----+------------+------------+
    |Total            |          |      0|  0|  44|          45|          40|
    +-----------------+----------+-------+---+----+------------+------------+

    * Multiplexer: 
    +--------------------+----+-----------+-----+-----------+
    |        Name        | LUT| Input Size| Bits| Total Bits|
    +--------------------+----+-----------+-----+-----------+
    |acc_reg_103         |  32|          2|   32|         64|
    |ap_NS_fsm           |   4|          9|    1|          9|
    |data1_reg_128       |  32|          2|   32|         64|
    |i_reg_116           |   5|          2|    5|         10|
    |shift_reg_address0  |   4|          4|    4|         16|
    |shift_reg_d0        |  32|          3|   32|         96|
    |x_ap_vld_in_sig     |   1|          2|    1|          2|
    |x_ap_vld_preg       |   1|          2|    1|          2|
    |x_in_sig            |  32|          2|   32|         64|
    +--------------------+----+-----------+-----+-----------+
    |Total               | 143|         28|  140|        327|
    +--------------------+----+-----------+-----+-----------+

    * Register: 
    +----------------+----+----+-----+-----------+
    |      Name      | FF | LUT| Bits| Const Bits|
    +----------------+----+----+-----+-----------+
    |acc_reg_103     |  32|   0|   32|          0|
    |ap_CS_fsm       |   8|   0|    8|          0|
    |c_load_reg_235  |  32|   0|   32|          0|
    |data1_reg_128   |  32|   0|   32|          0|
    |i_1_reg_230     |   5|   0|    5|          0|
    |i_cast_reg_202  |  32|   0|   32|          0|
    |i_reg_116       |   5|   0|    5|          0|
    |tmp_1_reg_211   |   1|   0|    1|          0|
    |tmp_6_reg_240   |  32|   0|   32|          0|
    |x_ap_vld_preg   |   1|   0|    1|          0|
    |x_preg          |  32|   0|   32|          0|
    +----------------+----+----+-----+-----------+
    |Total           | 212|   0|  212|          0|
    +----------------+----+----+-----+-----------+



================================================================
== Interface
================================================================
* Summary: 
+------------+-----+-----+------------+--------------+--------------+
|  RTL Ports | Dir | Bits|  Protocol  | Source Object|    C Type    |
+------------+-----+-----+------------+--------------+--------------+
|ap_clk      |  in |    1| ap_ctrl_hs |      fir     | return value |
|ap_rst      |  in |    1| ap_ctrl_hs |      fir     | return value |
|ap_start    |  in |    1| ap_ctrl_hs |      fir     | return value |
|ap_done     | out |    1| ap_ctrl_hs |      fir     | return value |
|ap_idle     | out |    1| ap_ctrl_hs |      fir     | return value |
|ap_ready    | out |    1| ap_ctrl_hs |      fir     | return value |
|y           | out |   32|   ap_vld   |       y      |    pointer   |
|y_ap_vld    | out |    1|   ap_vld   |       y      |    pointer   |
|c_address0  | out |    4|  ap_memory |       c      |     array    |
|c_ce0       | out |    1|  ap_memory |       c      |     array    |
|c_q0        |  in |   32|  ap_memory |       c      |     array    |
|x           |  in |   32|   ap_vld   |       x      |    scalar    |
|x_ap_vld    |  in |    1|   ap_vld   |       x      |    scalar    |
+------------+-----+-----+------------+--------------+--------------+

