11:29:03 **** Incremental Build of configuration Debug for project hellow_world ****
make all 
make: Nothing to be done for `all'.
11:29:14 **** Incremental Build of configuration Debug for project hellow_world ****
make all 
make: Nothing to be done for `all'.
11:29:28 **** Auto Build of configuration Debug for project hellow_world ****
make all 
Building file: ../src/helloworld.c
Invoking: ARM gcc compiler
arm-xilinx-eabi-gcc -Wall -O0 -g3 -c -fmessage-length=0 -MT"src/helloworld.o" -I../../standalone_bsp_0/ps7_cortexa9_0/include -MMD -MP -MF"src/helloworld.d" -MT"src/helloworld.d" -o "src/helloworld.o" "../src/helloworld.c"
Finished building: ../src/helloworld.c
 
Building target: hellow_world.elf
Invoking: ARM gcc linker
arm-xilinx-eabi-gcc -Wl,-T -Wl,../src/lscript.ld -L../../standalone_bsp_0/ps7_cortexa9_0/lib -o "hellow_world.elf"  ./src/helloworld.o ./src/platform.o   -Wl,--start-group,-lxil,-lgcc,-lc,--end-group
Finished building target: hellow_world.elf
 
Invoking: ARM Print Size
arm-xilinx-eabi-size hellow_world.elf  |tee "hellow_world.elf.size"
   text	   data	    bss	    dec	    hex	filename
  22848	   1152	  22564	  46564	   b5e4	hellow_world.elf
Finished building: hellow_world.elf.size
 
11:29:29 **** Incremental Build of configuration Debug for project hellow_world ****
make all 
make: Nothing to be done for `all'.
11:29:36 **** Incremental Build of configuration Debug for project hellow_world ****
make all 
make: Nothing to be done for `all'.
11:29:47 **** Auto Build of configuration Debug for project hellow_world ****
make all 
Building file: ../src/helloworld.c
Invoking: ARM gcc compiler
arm-xilinx-eabi-gcc -Wall -O0 -g3 -c -fmessage-length=0 -MT"src/helloworld.o" -I../../standalone_bsp_0/ps7_cortexa9_0/include -MMD -MP -MF"src/helloworld.d" -MT"src/helloworld.d" -o "src/helloworld.o" "../src/helloworld.c"
Finished building: ../src/helloworld.c
 
Building target: hellow_world.elf
Invoking: ARM gcc linker
arm-xilinx-eabi-gcc -Wl,-T -Wl,../src/lscript.ld -L../../standalone_bsp_0/ps7_cortexa9_0/lib -o "hellow_world.elf"  ./src/helloworld.o ./src/platform.o   -Wl,--start-group,-lxil,-lgcc,-lc,--end-group
Finished building target: hellow_world.elf
 
Invoking: ARM Print Size
arm-xilinx-eabi-size hellow_world.elf  |tee "hellow_world.elf.size"
   text	   data	    bss	    dec	    hex	filename
  22848	   1152	  22564	  46564	   b5e4	hellow_world.elf
Finished building: hellow_world.elf.size
 
11:29:48 **** Incremental Build of configuration Debug for project hellow_world ****
make all 
make: Nothing to be done for `all'.
11:29:55 **** Auto Build of configuration Debug for project hellow_world ****
make all 
Building file: ../src/helloworld.c
Invoking: ARM gcc compiler
arm-xilinx-eabi-gcc -Wall -O0 -g3 -c -fmessage-length=0 -MT"src/helloworld.o" -I../../standalone_bsp_0/ps7_cortexa9_0/include -MMD -MP -MF"src/helloworld.d" -MT"src/helloworld.d" -o "src/helloworld.o" "../src/helloworld.c"
Finished building: ../src/helloworld.c
 
Building target: hellow_world.elf
Invoking: ARM gcc linker
arm-xilinx-eabi-gcc -Wl,-T -Wl,../src/lscript.ld -L../../standalone_bsp_0/ps7_cortexa9_0/lib -o "hellow_world.elf"  ./src/helloworld.o ./src/platform.o   -Wl,--start-group,-lxil,-lgcc,-lc,--end-group
Finished building target: hellow_world.elf
 
Invoking: ARM Print Size
arm-xilinx-eabi-size hellow_world.elf  |tee "hellow_world.elf.size"
   text	   data	    bss	    dec	    hex	filename
  22848	   1152	  22564	  46564	   b5e4	hellow_world.elf
Finished building: hellow_world.elf.size
 
11:30:00 **** Incremental Build of configuration Debug for project hellow_world ****
make all 
make: Nothing to be done for `all'.
