

================================================================
== Vivado HLS Report for 'matrixmul'
================================================================
* Date:           Mon Sep 28 08:05:24 2015

* Version:        2015.1 (Build 1215546 on Mon Apr 27 19:24:50 PM 2015)
* Project:        matrixmul_prj
* Solution:       solution4
* Product family: kintex7
* Target device:  xc7k160tfbg484-1


================================================================
== Performance Estimates
================================================================
+ Timing (ns): 
    * Summary: 
    +---------+-------+----------+------------+
    |  Clock  | Target| Estimated| Uncertainty|
    +---------+-------+----------+------------+
    |default  |  13.33|     11.13|        1.67|
    +---------+-------+----------+------------+

+ Latency (clock cycles): 
    * Summary: 
    +-----+-----+-----+-----+---------+
    |  Latency  |  Interval | Pipeline|
    | min | max | min | max |   Type  |
    +-----+-----+-----+-----+---------+
    |   12|   12|   13|   13|   none  |
    +-----+-----+-----+-----+---------+

    + Detail: 
        * Instance: 
        N/A

        * Loop: 
        +-----------+-----+-----+----------+-----------+-----------+------+----------+
        |           |  Latency  | Iteration|  Initiation Interval  | Trip |          |
        | Loop Name | min | max |  Latency |  achieved |   target  | Count| Pipelined|
        +-----------+-----+-----+----------+-----------+-----------+------+----------+
        |- Row_Col  |   10|   10|         3|          1|          1|     9|    yes   |
        +-----------+-----+-----+----------+-----------+-----------+------+----------+



================================================================
== Utilization Estimates
================================================================
* Summary: 
+-----------------+---------+-------+--------+--------+
|       Name      | BRAM_18K| DSP48E|   FF   |   LUT  |
+-----------------+---------+-------+--------+--------+
|Expression       |        -|      1|       0|      26|
|FIFO             |        -|      -|       -|       -|
|Instance         |        -|      2|       -|       -|
|Memory           |        -|      -|       -|       -|
|Multiplexer      |        -|      -|       -|      12|
|Register         |        -|      -|      56|       -|
+-----------------+---------+-------+--------+--------+
|Total            |        0|      3|      56|      38|
+-----------------+---------+-------+--------+--------+
|Available        |      650|    600|  202800|  101400|
+-----------------+---------+-------+--------+--------+
|Utilization (%)  |        0|   ~0  |   ~0   |   ~0   |
+-----------------+---------+-------+--------+--------+

+ Detail: 
    * Instance: 
    +----------------------------------------+-------------------------------------+---------+-------+---+----+
    |                Instance                |                Module               | BRAM_18K| DSP48E| FF| LUT|
    +----------------------------------------+-------------------------------------+---------+-------+---+----+
    |matrixmul_mac_muladd_8s_8s_16s_16_1_U1  |matrixmul_mac_muladd_8s_8s_16s_16_1  |        0|      1|  0|   0|
    |matrixmul_mac_muladd_8s_8s_16s_16_1_U2  |matrixmul_mac_muladd_8s_8s_16s_16_1  |        0|      1|  0|   0|
    +----------------------------------------+-------------------------------------+---------+-------+---+----+
    |Total                                   |                                     |        0|      2|  0|   0|
    +----------------------------------------+-------------------------------------+---------+-------+---+----+

    * Memory: 
    N/A

    * FIFO: 
    N/A

    * Expression: 
    +-------------------------------+----------+-------+---+----+------------+------------+
    |         Variable Name         | Operation| DSP48E| FF| LUT| Bitwidth P0| Bitwidth P1|
    +-------------------------------+----------+-------+---+----+------------+------------+
    |grp_fu_312_p2                  |     *    |      1|  0|   0|           8|           8|
    |i_s_fu_156_p2                  |     +    |      0|  0|   2|           1|           2|
    |indvar_flatten_next_fu_136_p2  |     +    |      0|  0|   4|           4|           1|
    |j_1_fu_180_p2                  |     +    |      0|  0|   2|           1|           2|
    |p_addr1_fu_283_p2              |     +    |      0|  0|   6|           6|           6|
    |p_addr_fu_273_p2               |     -    |      0|  0|   5|           5|           5|
    |i_mid2_fu_162_p3               |  Select  |      0|  0|   2|           1|           2|
    |j_mid2_fu_148_p3               |  Select  |      0|  0|   2|           1|           1|
    |exitcond_flatten_fu_130_p2     |   icmp   |      0|  0|   2|           4|           4|
    |exitcond_fu_142_p2             |   icmp   |      0|  0|   1|           2|           2|
    +-------------------------------+----------+-------+---+----+------------+------------+
    |Total                          |          |      1|  0|  26|          33|          33|
    +-------------------------------+----------+-------+---+----+------------+------------+

    * Multiplexer: 
    +-----------------------+----+-----------+-----+-----------+
    |          Name         | LUT| Input Size| Bits| Total Bits|
    +-----------------------+----+-----------+-----+-----------+
    |ap_NS_fsm              |   1|          4|    1|          4|
    |ap_reg_ppiten_pp0_it2  |   1|          2|    1|          2|
    |i_phi_fu_111_p4        |   2|          2|    2|          4|
    |i_reg_107              |   2|          2|    2|          4|
    |indvar_flatten_reg_96  |   4|          2|    4|          8|
    |j_reg_118              |   2|          2|    2|          4|
    +-----------------------+----+-----------+-----+-----------+
    |Total                  |  12|         14|   12|         26|
    +-----------------------+----+-----------+-----+-----------+

    * Register: 
    +-----------------------------------------------+----+----+-----+-----------+
    |                      Name                     | FF | LUT| Bits| Const Bits|
    +-----------------------------------------------+----+----+-----+-----------+
    |ap_CS_fsm                                      |   3|   0|    3|          0|
    |ap_reg_ppiten_pp0_it0                          |   1|   0|    1|          0|
    |ap_reg_ppiten_pp0_it1                          |   1|   0|    1|          0|
    |ap_reg_ppiten_pp0_it2                          |   1|   0|    1|          0|
    |ap_reg_ppstg_exitcond_flatten_reg_320_pp0_it1  |   1|   0|    1|          0|
    |ap_reg_ppstg_i_mid2_reg_334_pp0_it1            |   2|   0|    2|          0|
    |ap_reg_ppstg_j_mid2_reg_329_pp0_it1            |   2|   0|    2|          0|
    |exitcond_flatten_reg_320                       |   1|   0|    1|          0|
    |i_mid2_reg_334                                 |   2|   0|    2|          0|
    |i_reg_107                                      |   2|   0|    2|          0|
    |indvar_flatten_reg_96                          |   4|   0|    4|          0|
    |j_mid2_reg_329                                 |   2|   0|    2|          0|
    |j_reg_118                                      |   2|   0|    2|          0|
    |tmp1_reg_366                                   |  16|   0|   16|          0|
    |tmp_8_reg_361                                  |   8|   0|    8|          0|
    |tmp_9_reg_356                                  |   8|   0|    8|          0|
    +-----------------------------------------------+----+----+-----+-----------+
    |Total                                          |  56|   0|   56|          0|
    +-----------------------------------------------+----+----+-----+-----------+



================================================================
== Interface
================================================================
* Summary: 
+--------------+-----+-----+------------+--------------+--------------+
|   RTL Ports  | Dir | Bits|  Protocol  | Source Object|    C Type    |
+--------------+-----+-----+------------+--------------+--------------+
|ap_clk        |  in |    1| ap_ctrl_hs |   matrixmul  | return value |
|ap_rst        |  in |    1| ap_ctrl_hs |   matrixmul  | return value |
|ap_start      |  in |    1| ap_ctrl_hs |   matrixmul  | return value |
|ap_done       | out |    1| ap_ctrl_hs |   matrixmul  | return value |
|ap_idle       | out |    1| ap_ctrl_hs |   matrixmul  | return value |
|ap_ready      | out |    1| ap_ctrl_hs |   matrixmul  | return value |
|a_address0    | out |    2|  ap_memory |       a      |     array    |
|a_ce0         | out |    1|  ap_memory |       a      |     array    |
|a_q0          |  in |   24|  ap_memory |       a      |     array    |
|b_address0    | out |    2|  ap_memory |       b      |     array    |
|b_ce0         | out |    1|  ap_memory |       b      |     array    |
|b_q0          |  in |   24|  ap_memory |       b      |     array    |
|res_address0  | out |    4|  ap_memory |      res     |     array    |
|res_ce0       | out |    1|  ap_memory |      res     |     array    |
|res_we0       | out |    1|  ap_memory |      res     |     array    |
|res_d0        | out |   16|  ap_memory |      res     |     array    |
+--------------+-----+-----+------------+--------------+--------------+

